Release 14.7 - xst P.20131013 (nt64)
Copyright (c) 1995-2013 Xilinx, Inc.  All rights reserved.
--> Parameter TMPDIR set to xst/projnav.tmp


Total REAL time to Xst completion: 0.00 secs
Total CPU time to Xst completion: 0.11 secs
 
--> Parameter xsthdpdir set to xst


Total REAL time to Xst completion: 0.00 secs
Total CPU time to Xst completion: 0.11 secs
 
--> Reading design: VGA_Sync.prj

TABLE OF CONTENTS
  1) Synthesis Options Summary
  2) HDL Parsing
  3) HDL Elaboration
  4) HDL Synthesis
       4.1) HDL Synthesis Report
  5) Advanced HDL Synthesis
       5.1) Advanced HDL Synthesis Report
  6) Low Level Synthesis
  7) Partition Report
  8) Design Summary
       8.1) Primitive and Black Box Usage
       8.2) Device utilization summary
       8.3) Partition Resource Summary
       8.4) Timing Report
            8.4.1) Clock Information
            8.4.2) Asynchronous Control Signals Information
            8.4.3) Timing Summary
            8.4.4) Timing Details
            8.4.5) Cross Clock Domains Report


=========================================================================
*                      Synthesis Options Summary                        *
=========================================================================
---- Source Parameters
Input File Name                    : "VGA_Sync.prj"
Ignore Synthesis Constraint File   : NO

---- Target Parameters
Output File Name                   : "VGA_Sync"
Output Format                      : NGC
Target Device                      : xc7k160t-3-ffg676

---- Source Options
Top Module Name                    : VGA_Sync
Automatic FSM Extraction           : YES
FSM Encoding Algorithm             : Auto
Safe Implementation                : No
FSM Style                          : LUT
RAM Extraction                     : Yes
RAM Style                          : Auto
ROM Extraction                     : Yes
Shift Register Extraction          : YES
ROM Style                          : Auto
Resource Sharing                   : YES
Asynchronous To Synchronous        : NO
Shift Register Minimum Size        : 2
Use DSP Block                      : Auto
Automatic Register Balancing       : No

---- Target Options
LUT Combining                      : Auto
Reduce Control Sets                : Auto
Add IO Buffers                     : YES
Global Maximum Fanout              : 100000
Add Generic Clock Buffer(BUFG)     : 32
Register Duplication               : YES
Optimize Instantiated Primitives   : NO
Use Clock Enable                   : Auto
Use Synchronous Set                : Auto
Use Synchronous Reset              : Auto
Pack IO Registers into IOBs        : Auto
Equivalent register Removal        : YES

---- General Options
Optimization Goal                  : Speed
Optimization Effort                : 1
Power Reduction                    : NO
Keep Hierarchy                     : No
Netlist Hierarchy                  : As_Optimized
RTL Output                         : Yes
Global Optimization                : AllClockNets
Read Cores                         : YES
Write Timing Constraints           : NO
Cross Clock Analysis               : NO
Hierarchy Separator                : /
Bus Delimiter                      : <>
Case Specifier                     : Maintain
Slice Utilization Ratio            : 100
BRAM Utilization Ratio             : 100
DSP48 Utilization Ratio            : 100
Auto BRAM Packing                  : NO
Slice Utilization Ratio Delta      : 5

=========================================================================


=========================================================================
*                          HDL Parsing                                  *
=========================================================================
Analyzing Verilog file "E:\Curriculum\ISE\Pac-Man0.1\vga_sync.v" into library work
Parsing module <VGA_Sync>.

=========================================================================
*                            HDL Elaboration                            *
=========================================================================

Elaborating module <VGA_Sync>.
WARNING:HDLCompiler:413 - "E:\Curriculum\ISE\Pac-Man0.1\vga_sync.v" Line 71: Result of 11-bit expression is truncated to fit in 10-bit target.
WARNING:HDLCompiler:413 - "E:\Curriculum\ISE\Pac-Man0.1\vga_sync.v" Line 74: Result of 11-bit expression is truncated to fit in 10-bit target.

=========================================================================
*                           HDL Synthesis                               *
=========================================================================

Synthesizing Unit <VGA_Sync>.
    Related source file is "E:\Curriculum\ISE\Pac-Man0.1\vga_sync.v".
        PAL = 640
        LAF = 480
        PLD = 800
        LFD = 521
        HPW = 96
        HFP = 16
        VPW = 2
        VFP = 10
    Found 1-bit register for signal <p_tick>.
    Found 10-bit register for signal <p_x>.
    Found 10-bit register for signal <p_y>.
    Found 1-bit register for signal <hs>.
    Found 1-bit register for signal <vs>.
    Found 1-bit register for signal <clk_50M>.
    Found 10-bit adder for signal <Vcnt[9]_GND_1_o_add_7_OUT> created at line 71.
    Found 10-bit adder for signal <Hcnt[9]_GND_1_o_add_9_OUT> created at line 74.
    Summary:
	inferred   2 Adder/Subtractor(s).
	inferred  24 D-type flip-flop(s).
Unit <VGA_Sync> synthesized.

=========================================================================
HDL Synthesis Report

Macro Statistics
# Adders/Subtractors                                   : 2
 10-bit adder                                          : 2
# Registers                                            : 6
 1-bit register                                        : 4
 10-bit register                                       : 2

=========================================================================

=========================================================================
*                       Advanced HDL Synthesis                          *
=========================================================================


Synthesizing (advanced) Unit <VGA_Sync>.
The following registers are absorbed into counter <Hcnt>: 1 register on signal <Hcnt>.
The following registers are absorbed into counter <Vcnt>: 1 register on signal <Vcnt>.
Unit <VGA_Sync> synthesized (advanced).

=========================================================================
Advanced HDL Synthesis Report

Macro Statistics
# Counters                                             : 2
 10-bit up counter                                     : 2
# Registers                                            : 4
 Flip-Flops                                            : 4

=========================================================================

=========================================================================
*                         Low Level Synthesis                           *
=========================================================================

Optimizing unit <VGA_Sync> ...

Mapping all equations...
Building and optimizing final netlist ...
Found area constraint ratio of 100 (+ 5) on block VGA_Sync, actual ratio is 0.

Final Macro Processing ...

=========================================================================
Final Register Report

Macro Statistics
# Registers                                            : 24
 Flip-Flops                                            : 24

=========================================================================

=========================================================================
*                           Partition Report                            *
=========================================================================

Partition Implementation Status
-------------------------------

  No Partitions were found in this design.

-------------------------------

=========================================================================
*                            Design Summary                             *
=========================================================================

Top Level Output File Name         : VGA_Sync.ngc

Primitive and Black Box Usage:
------------------------------
# BELS                             : 87
#      GND                         : 1
#      INV                         : 4
#      LUT1                        : 18
#      LUT2                        : 6
#      LUT4                        : 9
#      LUT5                        : 2
#      LUT6                        : 8
#      MUXCY                       : 18
#      VCC                         : 1
#      XORCY                       : 20
# FlipFlops/Latches                : 24
#      FD                          : 19
#      FDR                         : 5
# Clock Buffers                    : 2
#      BUFG                        : 1
#      BUFGP                       : 1
# IO Buffers                       : 23
#      OBUF                        : 23

Device utilization summary:
---------------------------

Selected Device : 7k160tffg676-3 


Slice Logic Utilization: 
 Number of Slice Registers:              24  out of  202800     0%  
 Number of Slice LUTs:                   47  out of  101400     0%  
    Number used as Logic:                47  out of  101400     0%  

Slice Logic Distribution: 
 Number of LUT Flip Flop pairs used:     47
   Number with an unused Flip Flop:      23  out of     47    48%  
   Number with an unused LUT:             0  out of     47     0%  
   Number of fully used LUT-FF pairs:    24  out of     47    51%  
   Number of unique control sets:         4

IO Utilization: 
 Number of IOs:                          24
 Number of bonded IOBs:                  24  out of    400     6%  

Specific Feature Utilization:
 Number of BUFG/BUFGCTRLs:                2  out of     32     6%  

---------------------------
Partition Resource Summary:
---------------------------

  No Partitions were found in this design.

---------------------------


=========================================================================
Timing Report

NOTE: THESE TIMING NUMBERS ARE ONLY A SYNTHESIS ESTIMATE.
      FOR ACCURATE TIMING INFORMATION PLEASE REFER TO THE TRACE REPORT
      GENERATED AFTER PLACE-and-ROUTE.

Clock Information:
------------------
-----------------------------------+------------------------+-------+
Clock Signal                       | Clock buffer(FF name)  | Load  |
-----------------------------------+------------------------+-------+
clk                                | BUFGP                  | 1     |
clk_50M                            | NONE(clk_25M)          | 1     |
clk_25M                            | BUFG                   | 22    |
-----------------------------------+------------------------+-------+
INFO:Xst:2169 - HDL ADVISOR - Some clock signals were not automatically buffered by XST with BUFG/BUFR resources. Please use the buffer_type constraint in order to insert these buffers to the clock signals to help prevent skew problems.

Asynchronous Control Signals Information:
----------------------------------------
No asynchronous control signals found in this design

Timing Summary:
---------------
Speed Grade: -3

   Minimum period: 1.791ns (Maximum Frequency: 558.347MHz)
   Minimum input arrival time before clock: No path found
   Maximum output required time after clock: 0.534ns
   Maximum combinational path delay: No path found

Timing Details:
---------------
All values displayed in nanoseconds (ns)

=========================================================================
Timing constraint: Default period analysis for Clock 'clk'
  Clock period: 0.848ns (frequency: 1179.524MHz)
  Total number of paths / destination ports: 1 / 1
-------------------------------------------------------------------------
Delay:               0.848ns (Levels of Logic = 1)
  Source:            clk_50M (FF)
  Destination:       clk_50M (FF)
  Source Clock:      clk rising
  Destination Clock: clk rising

  Data Path: clk_50M to clk_50M
                                Gate     Net
    Cell:in->out      fanout   Delay   Delay  Logical Name (Net Name)
    ----------------------------------------  ------------
     FD:C->Q               2   0.232   0.283  clk_50M (clk_50M)
     INV:I->O              1   0.053   0.279  clk_50M_INV_1_o1_INV_0 (clk_50M_INV_1_o)
     FD:D                     -0.001          clk_50M
    ----------------------------------------
    Total                      0.848ns (0.285ns logic, 0.563ns route)
                                       (33.6% logic, 66.4% route)

=========================================================================
Timing constraint: Default period analysis for Clock 'clk_50M'
  Clock period: 0.848ns (frequency: 1179.524MHz)
  Total number of paths / destination ports: 1 / 1
-------------------------------------------------------------------------
Delay:               0.848ns (Levels of Logic = 1)
  Source:            clk_25M (FF)
  Destination:       clk_25M (FF)
  Source Clock:      clk_50M rising
  Destination Clock: clk_50M rising

  Data Path: clk_25M to clk_25M
                                Gate     Net
    Cell:in->out      fanout   Delay   Delay  Logical Name (Net Name)
    ----------------------------------------  ------------
     FD:C->Q               2   0.232   0.283  clk_25M (clk_25M)
     INV:I->O              1   0.053   0.279  clk_25M_INV_2_o1_INV_0 (clk_25M_INV_2_o)
     FD:D                     -0.001          clk_25M
    ----------------------------------------
    Total                      0.848ns (0.285ns logic, 0.563ns route)
                                       (33.6% logic, 66.4% route)

=========================================================================
Timing constraint: Default period analysis for Clock 'clk_25M'
  Clock period: 1.791ns (frequency: 558.347MHz)
  Total number of paths / destination ports: 534 / 27
-------------------------------------------------------------------------
Delay:               1.791ns (Levels of Logic = 2)
  Source:            Hcnt_3 (FF)
  Destination:       Hcnt_5 (FF)
  Source Clock:      clk_25M rising
  Destination Clock: clk_25M rising

  Data Path: Hcnt_3 to Hcnt_5
                                Gate     Net
    Cell:in->out      fanout   Delay   Delay  Logical Name (Net Name)
    ----------------------------------------  ------------
     FD:C->Q               3   0.232   0.552  Hcnt_3 (Hcnt_3)
     LUT5:I0->O            4   0.043   0.303  GND_1_o_GND_1_o_equal_13_o<9>11 (GND_1_o_GND_1_o_equal_13_o<9>1)
     LUT6:I5->O           19   0.043   0.363  GND_1_o_GND_1_o_equal_6_o<9>1 (GND_1_o_GND_1_o_equal_6_o)
     FDR:R                     0.255          Hcnt_5
    ----------------------------------------
    Total                      1.791ns (0.573ns logic, 1.218ns route)
                                       (32.0% logic, 68.0% route)

=========================================================================
Timing constraint: Default OFFSET OUT AFTER for Clock 'clk_25M'
  Total number of paths / destination ports: 22 / 22
-------------------------------------------------------------------------
Offset:              0.534ns (Levels of Logic = 1)
  Source:            Hcnt_8 (FF)
  Destination:       p_x<8> (PAD)
  Source Clock:      clk_25M rising

  Data Path: Hcnt_8 to p_x<8>
                                Gate     Net
    Cell:in->out      fanout   Delay   Delay  Logical Name (Net Name)
    ----------------------------------------  ------------
     FDR:C->Q              6   0.232   0.302  Hcnt_8 (Hcnt_8)
     OBUF:I->O                 0.000          p_x_8_OBUF (p_x<8>)
    ----------------------------------------
    Total                      0.534ns (0.232ns logic, 0.302ns route)
                                       (43.4% logic, 56.6% route)

=========================================================================
Timing constraint: Default OFFSET OUT AFTER for Clock 'clk_50M'
  Total number of paths / destination ports: 1 / 1
-------------------------------------------------------------------------
Offset:              0.515ns (Levels of Logic = 1)
  Source:            clk_25M (FF)
  Destination:       p_tick (PAD)
  Source Clock:      clk_50M rising

  Data Path: clk_25M to p_tick
                                Gate     Net
    Cell:in->out      fanout   Delay   Delay  Logical Name (Net Name)
    ----------------------------------------  ------------
     FD:C->Q               2   0.232   0.283  clk_25M (clk_25M)
     OBUF:I->O                 0.000          p_tick_OBUF (p_tick)
    ----------------------------------------
    Total                      0.515ns (0.232ns logic, 0.283ns route)
                                       (45.0% logic, 55.0% route)

=========================================================================

Cross Clock Domains Report:
--------------------------

Clock to Setup on destination clock clk
---------------+---------+---------+---------+---------+
               | Src:Rise| Src:Fall| Src:Rise| Src:Fall|
Source Clock   |Dest:Rise|Dest:Rise|Dest:Fall|Dest:Fall|
---------------+---------+---------+---------+---------+
clk            |    0.848|         |         |         |
---------------+---------+---------+---------+---------+

Clock to Setup on destination clock clk_25M
---------------+---------+---------+---------+---------+
               | Src:Rise| Src:Fall| Src:Rise| Src:Fall|
Source Clock   |Dest:Rise|Dest:Rise|Dest:Fall|Dest:Fall|
---------------+---------+---------+---------+---------+
clk_25M        |    1.791|         |         |         |
---------------+---------+---------+---------+---------+

Clock to Setup on destination clock clk_50M
---------------+---------+---------+---------+---------+
               | Src:Rise| Src:Fall| Src:Rise| Src:Fall|
Source Clock   |Dest:Rise|Dest:Rise|Dest:Fall|Dest:Fall|
---------------+---------+---------+---------+---------+
clk_50M        |    0.848|         |         |         |
---------------+---------+---------+---------+---------+

=========================================================================


Total REAL time to Xst completion: 14.00 secs
Total CPU time to Xst completion: 13.69 secs
 
--> 

Total memory usage is 411256 kilobytes

Number of errors   :    0 (   0 filtered)
Number of warnings :    2 (   0 filtered)
Number of infos    :    1 (   0 filtered)

